// Jest Snapshot v1, https://goo.gl/fbAQLP

exports[`renders correctly 1`] = `
<div
  className="group"
>
  <div
    className="max-w-fit"
    id="slide"
  >
    <div
      className="item w-20 h-20 lg:w-[200px] lg:h-1/2 shadow-2xl absolute z-10 lg:top-[50%] top-[80%] lg:-translate-y-[40%] lg:translate-x-[-30%] -translate-x-[170%] bg-blend-overlay bg-black bg-opacity-20"
      style={
        Object {
          "backgroundImage": "url(https://images.unsplash.com/photo-1567822781105-a80d1b601697?auto=format&fit=crop&q=80&w=1888&ixlib=rb-4.0.3&ixid=M3wxMjA3fDB8MHxwaG90by1wYWdlfHx8fGVufDB8fHx8fA%3D%3D)",
        }
      }
    >
      <div
        className="content absolute z-10 top-[50%] left-[5%] lg:max-w-md text-white -translate-y-[50%] hidden"
      >
        <h1
          className="text-4xl font-bold my-4 name"
        />
        <p
          className="text-lg font-light mb-4 des"
        />
        <a
          className="btn btn-sm bg-white text-black hover:bg-slate-50"
          href="/products?category=babyItems"
          onClick={[Function]}
          onMouseEnter={[Function]}
          onTouchStart={[Function]}
        />
      </div>
    </div>
    <div
      className="item w-20 h-20 lg:w-[200px] lg:h-1/2 shadow-2xl absolute z-10 lg:top-[50%] top-[80%] lg:-translate-y-[40%] lg:translate-x-[-30%] -translate-x-[170%] bg-blend-overlay bg-black bg-opacity-20"
      style={
        Object {
          "backgroundImage": "url(https://images.unsplash.com/photo-1674475761156-9c6c149b4d02?auto=format&fit=crop&q=80&w=1887&ixlib=rb-4.0.3&ixid=M3wxMjA3fDB8MHxwaG90by1wYWdlfHx8fGVufDB8fHx8fA%3D%3D)",
        }
      }
    >
      <div
        className="content absolute z-10 top-[50%] left-[5%] lg:max-w-md text-white -translate-y-[50%] hidden"
      >
        <h1
          className="text-4xl font-bold my-4 name"
        />
        <p
          className="text-lg font-light mb-4 des"
        />
        <a
          className="btn btn-sm bg-white text-black hover:bg-slate-50"
          href="/products?category=blanketsAndBedding"
          onClick={[Function]}
          onMouseEnter={[Function]}
          onTouchStart={[Function]}
        />
      </div>
    </div>
    <div
      className="item w-20 h-20 lg:w-[200px] lg:h-1/2 shadow-2xl absolute z-10 lg:top-[50%] top-[80%] lg:-translate-y-[40%] lg:translate-x-[-30%] -translate-x-[170%] bg-blend-overlay bg-black bg-opacity-20"
      style={
        Object {
          "backgroundImage": "url(https://images.unsplash.com/photo-1667929048193-4fef49b0ba0a?auto=format&fit=crop&q=80&w=1974&ixlib=rb-4.0.3&ixid=M3wxMjA3fDB8MHxwaG90by1wYWdlfHx8fGVufDB8fHx8fA%3D%3D)",
        }
      }
    >
      <div
        className="content absolute z-10 top-[50%] left-[5%] lg:max-w-md text-white -translate-y-[50%] hidden"
      >
        <h1
          className="text-4xl font-bold my-4 name"
        />
        <p
          className="text-lg font-light mb-4 des"
        />
        <a
          className="btn btn-sm bg-white text-black hover:bg-slate-50"
          href="/products?category=books"
          onClick={[Function]}
          onMouseEnter={[Function]}
          onTouchStart={[Function]}
        />
      </div>
    </div>
    <div
      className="item w-20 h-20 lg:w-[200px] lg:h-1/2 shadow-2xl absolute z-10 lg:top-[50%] top-[80%] lg:-translate-y-[40%] lg:translate-x-[-30%] -translate-x-[170%] bg-blend-overlay bg-black bg-opacity-20"
      style={
        Object {
          "backgroundImage": "url(https://images.unsplash.com/photo-1617048931430-5eb626d81e71?auto=format&fit=crop&q=80&w=2073&ixlib=rb-4.0.3&ixid=M3wxMjA3fDB8MHxwaG90by1wYWdlfHx8fGVufDB8fHx8fA%3D%3D)",
        }
      }
    >
      <div
        className="content absolute z-10 top-[50%] left-[5%] lg:max-w-md text-white -translate-y-[50%] hidden"
      >
        <h1
          className="text-4xl font-bold my-4 name"
        />
        <p
          className="text-lg font-light mb-4 des"
        />
        <a
          className="btn btn-sm bg-white text-black hover:bg-slate-50"
          href="/products?category=accessories"
          onClick={[Function]}
          onMouseEnter={[Function]}
          onTouchStart={[Function]}
        />
      </div>
    </div>
    <div
      className="item w-20 h-20 lg:w-[200px] lg:h-1/2 shadow-2xl absolute z-10 lg:top-[50%] top-[80%] lg:-translate-y-[40%] lg:translate-x-[-30%] -translate-x-[170%] bg-blend-overlay bg-black bg-opacity-20"
      style={
        Object {
          "backgroundImage": "url(https://images.unsplash.com/photo-1669309211906-9ae91cdcf84f?auto=format&fit=crop&q=80&w=2067&ixlib=rb-4.0.3&ixid=M3wxMjA3fDB8MHxwaG90by1wYWdlfHx8fGVufDB8fHx8fA%3D%3D)",
        }
      }
    >
      <div
        className="content absolute z-10 top-[50%] left-[5%] lg:max-w-md text-white -translate-y-[50%] hidden"
      >
        <h1
          className="text-4xl font-bold my-4 name"
        />
        <p
          className="text-lg font-light mb-4 des"
        />
        <a
          className="btn btn-sm bg-white text-black hover:bg-slate-50"
          href="/products?category=craftSupplies"
          onClick={[Function]}
          onMouseEnter={[Function]}
          onTouchStart={[Function]}
        />
      </div>
    </div>
    <div
      className="item w-20 h-20 lg:w-[200px] lg:h-1/2 shadow-2xl absolute z-10 lg:top-[50%] top-[80%] lg:-translate-y-[40%] lg:translate-x-[-30%] -translate-x-[170%] bg-blend-overlay bg-black bg-opacity-20"
      style={
        Object {
          "backgroundImage": "url(https://images.unsplash.com/photo-1610565463065-62a684aea256?auto=format&fit=crop&q=80&w=2070&ixlib=rb-4.0.3&ixid=M3wxMjA3fDB8MHxwaG90by1wYWdlfHx8fGVufDB8fHx8fA%3D%3D)",
        }
      }
    >
      <div
        className="content absolute z-10 top-[50%] left-[5%] lg:max-w-md text-white -translate-y-[50%] hidden"
      >
        <h1
          className="text-4xl font-bold my-4 name"
        />
        <p
          className="text-lg font-light mb-4 des"
        />
        <a
          className="btn btn-sm bg-white text-black hover:bg-slate-50"
          href="/products?category=decorAndArtwork"
          onClick={[Function]}
          onMouseEnter={[Function]}
          onTouchStart={[Function]}
        />
      </div>
    </div>
    <div
      className="item w-20 h-20 lg:w-[200px] lg:h-1/2 shadow-2xl absolute z-10 lg:top-[50%] top-[80%] lg:-translate-y-[40%] lg:translate-x-[-30%] -translate-x-[170%] bg-blend-overlay bg-black bg-opacity-20"
      style={
        Object {
          "backgroundImage": "url(https://images.unsplash.com/photo-1609081219090-a6d81d3085bf?auto=format&fit=crop&q=80&w=1926&ixlib=rb-4.0.3&ixid=M3wxMjA3fDB8MHxwaG90by1wYWdlfHx8fGVufDB8fHx8fA%3D%3D)",
        }
      }
    >
      <div
        className="content absolute z-10 top-[50%] left-[5%] lg:max-w-md text-white -translate-y-[50%] hidden"
      >
        <h1
          className="text-4xl font-bold my-4 name"
        />
        <p
          className="text-lg font-light mb-4 des"
        />
        <a
          className="btn btn-sm bg-white text-black hover:bg-slate-50"
          href="/products?category=electronics"
          onClick={[Function]}
          onMouseEnter={[Function]}
          onTouchStart={[Function]}
        />
      </div>
    </div>
    <div
      className="item w-20 h-20 lg:w-[200px] lg:h-1/2 shadow-2xl absolute z-10 lg:top-[50%] top-[80%] lg:-translate-y-[40%] lg:translate-x-[-30%] -translate-x-[170%] bg-blend-overlay bg-black bg-opacity-20"
      style={
        Object {
          "backgroundImage": "url(https://images.unsplash.com/photo-1653012603503-07d9ea4fdb57?auto=format&fit=crop&q=80&w=1974&ixlib=rb-4.0.3&ixid=M3wxMjA3fDB8MHxwaG90by1wYWdlfHx8fGVufDB8fHx8fA%3D%3D)",
        }
      }
    >
      <div
        className="content absolute z-10 top-[50%] left-[5%] lg:max-w-md text-white -translate-y-[50%] hidden"
      >
        <h1
          className="text-4xl font-bold my-4 name"
        />
        <p
          className="text-lg font-light mb-4 des"
        />
        <a
          className="btn btn-sm bg-white text-black hover:bg-slate-50"
          href="/products?category=foodAndNonPerishables"
          onClick={[Function]}
          onMouseEnter={[Function]}
          onTouchStart={[Function]}
        />
      </div>
    </div>
    <div
      className="item w-20 h-20 lg:w-[200px] lg:h-1/2 shadow-2xl absolute z-10 lg:top-[50%] top-[80%] lg:-translate-y-[40%] lg:translate-x-[-30%] -translate-x-[170%] bg-blend-overlay bg-black bg-opacity-20"
      style={
        Object {
          "backgroundImage": "url(https://images.unsplash.com/photo-1523367438061-01c055ce790c?auto=format&fit=crop&q=80&w=1975&ixlib=rb-4.0.3&ixid=M3wxMjA3fDB8MHxwaG90by1wYWdlfHx8fGVufDB8fHx8fA%3D%3D)",
        }
      }
    >
      <div
        className="content absolute z-10 top-[50%] left-[5%] lg:max-w-md text-white -translate-y-[50%] hidden"
      >
        <h1
          className="text-4xl font-bold my-4 name"
        />
        <p
          className="text-lg font-light mb-4 des"
        />
        <a
          className="btn btn-sm bg-white text-black hover:bg-slate-50"
          href="/products?category=householdItems"
          onClick={[Function]}
          onMouseEnter={[Function]}
          onTouchStart={[Function]}
        />
      </div>
    </div>
    <div
      className="item w-20 h-20 lg:w-[200px] lg:h-1/2 shadow-2xl absolute z-10 lg:top-[50%] top-[80%] lg:-translate-y-[40%] lg:translate-x-[-30%] -translate-x-[170%] bg-blend-overlay bg-black bg-opacity-20"
      style={
        Object {
          "backgroundImage": "url(https://images.unsplash.com/photo-1589060040843-7a31813e6fb0?auto=format&fit=crop&q=80&w=1887&ixlib=rb-4.0.3&ixid=M3wxMjA3fDB8MHxwaG90by1wYWdlfHx8fGVufDB8fHx8fA%3D%3D)",
        }
      }
    >
      <div
        className="content absolute z-10 top-[50%] left-[5%] lg:max-w-md text-white -translate-y-[50%] hidden"
      >
        <h1
          className="text-4xl font-bold my-4 name"
        />
        <p
          className="text-lg font-light mb-4 des"
        />
        <a
          className="btn btn-sm bg-white text-black hover:bg-slate-50"
          href="/products?category=hygieneProducts"
          onClick={[Function]}
          onMouseEnter={[Function]}
          onTouchStart={[Function]}
        />
      </div>
    </div>
    <div
      className="item w-20 h-20 lg:w-[200px] lg:h-1/2 shadow-2xl absolute z-10 lg:top-[50%] top-[80%] lg:-translate-y-[40%] lg:translate-x-[-30%] -translate-x-[170%] bg-blend-overlay bg-black bg-opacity-20"
      style={
        Object {
          "backgroundImage": "url(https://images.unsplash.com/photo-1587854680352-936b22b91030?auto=format&fit=crop&q=80&w=2069&ixlib=rb-4.0.3&ixid=M3wxMjA3fDB8MHxwaG90by1wYWdlfHx8fGVufDB8fHx8fA%3D%3D)",
        }
      }
    >
      <div
        className="content absolute z-10 top-[50%] left-[5%] lg:max-w-md text-white -translate-y-[50%] hidden"
      >
        <h1
          className="text-4xl font-bold my-4 name"
        />
        <p
          className="text-lg font-light mb-4 des"
        />
        <a
          className="btn btn-sm bg-white text-black hover:bg-slate-50"
          href="/products?category=medicalSupplies"
          onClick={[Function]}
          onMouseEnter={[Function]}
          onTouchStart={[Function]}
        />
      </div>
    </div>
    <div
      className="item w-20 h-20 lg:w-[200px] lg:h-1/2 shadow-2xl absolute z-10 lg:top-[50%] top-[80%] lg:-translate-y-[40%] lg:translate-x-[-30%] -translate-x-[170%] bg-blend-overlay bg-black bg-opacity-20"
      style={
        Object {
          "backgroundImage": "url(https://images.unsplash.com/photo-1514888286974-6c03e2ca1dba?auto=format&fit=crop&q=80&w=2043&ixlib=rb-4.0.3&ixid=M3wxMjA3fDB8MHxwaG90by1wYWdlfHx8fGVufDB8fHx8fA%3D%3D)",
        }
      }
    >
      <div
        className="content absolute z-10 top-[50%] left-[5%] lg:max-w-md text-white -translate-y-[50%] hidden"
      >
        <h1
          className="text-4xl font-bold my-4 name"
        />
        <p
          className="text-lg font-light mb-4 des"
        />
        <a
          className="btn btn-sm bg-white text-black hover:bg-slate-50"
          href="/products?category=petSupplies"
          onClick={[Function]}
          onMouseEnter={[Function]}
          onTouchStart={[Function]}
        />
      </div>
    </div>
    <div
      className="item w-20 h-20 lg:w-[200px] lg:h-1/2 shadow-2xl absolute z-10 lg:top-[50%] top-[80%] lg:-translate-y-[40%] lg:translate-x-[-30%] -translate-x-[170%] bg-blend-overlay bg-black bg-opacity-20"
      style={
        Object {
          "backgroundImage": "url(https://images.unsplash.com/photo-1674241832951-c2db337fd3f5?auto=format&fit=crop&q=80&w=2070&ixlib=rb-4.0.3&ixid=M3wxMjA3fDB8MHxwaG90by1wYWdlfHx8fGVufDB8fHx8fA%3D%3D)",
        }
      }
    >
      <div
        className="content absolute z-10 top-[50%] left-[5%] lg:max-w-md text-white -translate-y-[50%] hidden"
      >
        <h1
          className="text-4xl font-bold my-4 name"
        />
        <p
          className="text-lg font-light mb-4 des"
        />
        <a
          className="btn btn-sm bg-white text-black hover:bg-slate-50"
          href="/products?category=schoolAndEducationalSupplies"
          onClick={[Function]}
          onMouseEnter={[Function]}
          onTouchStart={[Function]}
        />
      </div>
    </div>
    <div
      className="item w-20 h-20 lg:w-[200px] lg:h-1/2 shadow-2xl absolute z-10 lg:top-[50%] top-[80%] lg:-translate-y-[40%] lg:translate-x-[-30%] -translate-x-[170%] bg-blend-overlay bg-black bg-opacity-20"
      style={
        Object {
          "backgroundImage": "url(https://images.unsplash.com/photo-1597045566677-8cf032ed6634?auto=format&fit=crop&q=80&w=1887&ixlib=rb-4.0.3&ixid=M3wxMjA3fDB8MHxwaG90by1wYWdlfHx8fGVufDB8fHx8fA%3D%3D)",
        }
      }
    >
      <div
        className="content absolute z-10 top-[50%] left-[5%] lg:max-w-md text-white -translate-y-[50%] hidden"
      >
        <h1
          className="text-4xl font-bold my-4 name"
        />
        <p
          className="text-lg font-light mb-4 des"
        />
        <a
          className="btn btn-sm bg-white text-black hover:bg-slate-50"
          href="/products?category=shoes"
          onClick={[Function]}
          onMouseEnter={[Function]}
          onTouchStart={[Function]}
        />
      </div>
    </div>
    <div
      className="item w-20 h-20 lg:w-[200px] lg:h-1/2 shadow-2xl absolute z-10 lg:top-[50%] top-[80%] lg:-translate-y-[40%] lg:translate-x-[-30%] -translate-x-[170%] bg-blend-overlay bg-black bg-opacity-20"
      style={
        Object {
          "backgroundImage": "url(https://images.unsplash.com/photo-1574379989050-bfd9e1a8a543?auto=format&fit=crop&q=80&w=1887&ixlib=rb-4.0.3&ixid=M3wxMjA3fDB8MHxwaG90by1wYWdlfHx8fGVufDB8fHx8fA%3D%3D)",
        }
      }
    >
      <div
        className="content absolute z-10 top-[50%] left-[5%] lg:max-w-md text-white -translate-y-[50%] hidden"
      >
        <h1
          className="text-4xl font-bold my-4 name"
        />
        <p
          className="text-lg font-light mb-4 des"
        />
        <a
          className="btn btn-sm bg-white text-black hover:bg-slate-50"
          href="/products?category=sportsEquipment"
          onClick={[Function]}
          onMouseEnter={[Function]}
          onTouchStart={[Function]}
        />
      </div>
    </div>
    <div
      className="item w-20 h-20 lg:w-[200px] lg:h-1/2 shadow-2xl absolute z-10 lg:top-[50%] top-[80%] lg:-translate-y-[40%] lg:translate-x-[-30%] -translate-x-[170%] bg-blend-overlay bg-black bg-opacity-20"
      style={
        Object {
          "backgroundImage": "url(https://images.unsplash.com/photo-1493217465235-252dd9c0d632?auto=format&fit=crop&q=80&w=2070&ixlib=rb-4.0.3&ixid=M3wxMjA3fDB8MHxwaG90by1wYWdlfHx8fGVufDB8fHx8fA%3D%3D)",
        }
      }
    >
      <div
        className="content absolute z-10 top-[50%] left-[5%] lg:max-w-md text-white -translate-y-[50%] hidden"
      >
        <h1
          className="text-4xl font-bold my-4 name"
        />
        <p
          className="text-lg font-light mb-4 des"
        />
        <a
          className="btn btn-sm bg-white text-black hover:bg-slate-50"
          href="/products?category=toysAndGames"
          onClick={[Function]}
          onMouseEnter={[Function]}
          onTouchStart={[Function]}
        />
      </div>
    </div>
  </div>
  <div
    className="absolute px-8 z-50 lg:bottom-12 bottom-[10%] justify-between w-full flex gap-4 lg:justify-center"
  >
    <button
      className="btn btn-circle bg-white hover:bg-slate-50 border-none items-center justify-center lg:hidden lg:group-hover:flex"
      onClick={[Function]}
    >
      <svg
        fill="currentColor"
        height={40}
        stroke="currentColor"
        strokeWidth="0"
        style={
          Object {
            "color": undefined,
          }
        }
        viewBox="0 0 24 24"
        width={40}
        xmlns="http://www.w3.org/2000/svg"
      >
        <path
          d="M0 0h24v24H0z"
          fill="none"
        />
        <path
          d="M15.41 7.41L14 6l-6 6 6 6 1.41-1.41L10.83 12z"
        />
      </svg>
    </button>
    <button
      className="btn btn-circle bg-white hover:bg-slate-50 border-none items-center justify-center lg:hidden lg:group-hover:flex"
      onClick={[Function]}
    >
      <svg
        fill="currentColor"
        height={40}
        stroke="currentColor"
        strokeWidth="0"
        style={
          Object {
            "color": undefined,
          }
        }
        viewBox="0 0 24 24"
        width={40}
        xmlns="http://www.w3.org/2000/svg"
      >
        <path
          d="M0 0h24v24H0z"
          fill="none"
        />
        <path
          d="M10 6L8.59 7.41 13.17 12l-4.58 4.59L10 18l6-6z"
        />
      </svg>
    </button>
  </div>
</div>
`;
